// Jest Snapshot v1, https://goo.gl/fbAQLP

exports[`Board Snapshot Should render correctly and match snapshot. 1`] = `
<div>
  <div
    class="css-7owdng-MuiStack-root"
  >
    <svg
      color="rgb(201, 91, 118)"
      data-testid="DefaultTile-flag"
      fill="currentColor"
      height="18"
      stroke="currentColor"
      stroke-width="0"
      style="color: rgb(201, 91, 118);"
      viewBox="0 0 20 20"
      width="18"
      xmlns="http://www.w3.org/2000/svg"
    >
      <path
        clip-rule="evenodd"
        d="M3 6a3 3 0 013-3h10a1 1 0 01.8 1.6L14.25 8l2.55 3.4A1 1 0 0116 13H6a1 1 0 00-1 1v3a1 1 0 11-2 0V6z"
        fill-rule="evenodd"
      />
    </svg>
     
    10
  </div>
  <div
    class="css-sdzd41-MuiStack-root"
    data-testid="Board"
  >
    <div
      style="position: relative; height: 240px; width: 240px; overflow: auto; will-change: transform; direction: ltr;"
    >
      <div
        style="height: 24px; width: 96px;"
      >
        <div
          class="css-m69qwo-MuiStack-root"
          style="position: absolute; left: 0px; top: 0px; height: 24px; width: 24px;"
        >
          <div
            aria-label="Tile 0 0"
            class="MuiBox-root css-7wl9ds"
            data-testid="DefaultTile"
            tabindex="0"
          />
        </div>
        <div
          class="css-m69qwo-MuiStack-root"
          style="position: absolute; left: 24px; top: 0px; height: 24px; width: 24px;"
        >
          <div
            aria-label="Tile 1 0"
            class="MuiBox-root css-7wl9ds"
            data-testid="DefaultTile"
            tabindex="0"
          />
        </div>
        <div
          class="css-m69qwo-MuiStack-root"
          style="position: absolute; left: 48px; top: 0px; height: 24px; width: 24px;"
        >
          <div
            aria-label="Tile 2 0"
            class="MuiBox-root css-7wl9ds"
            data-testid="DefaultTile"
            tabindex="0"
          />
        </div>
        <div
          class="css-m69qwo-MuiStack-root"
          style="position: absolute; left: 72px; top: 0px; height: 24px; width: 24px;"
        >
          <div
            aria-label="Tile 3 0"
            class="MuiBox-root css-7wl9ds"
            data-testid="DefaultTile"
            tabindex="0"
          />
        </div>
      </div>
    </div>
  </div>
</div>
`;
